POST /service/AWSBCMPricingCalculator/operation/BatchCreateBillScenarioCommitmentModification

Accept: application/cbor
Content-Type: application/cbor
Smithy-Protocol: rpc-v2-cbor

£nbillScenarioIdr__BillScenarioId__wcommitmentModifications‚¤ckeyg__Key__egroupi__Group__nusageAccountIdr__UsageAccountId__pcommitmentAction¡xaddReservedInstanceAction¢minstanceCountxreservedInstancesOfferingIdx__ReservedInstancesOfferingId__¤egroupi__Group__nusageAccountIdr__UsageAccountId__pcommitmentAction¡xaddReservedInstanceAction¢xreservedInstancesOfferingIdx__ReservedInstancesOfferingId__minstanceCountckeyg__Key__kclientTokeno__ClientToken__