POST /service/AWSBCMPricingCalculator/operation/CreateBillScenario

Accept: application/cbor
Content-Type: application/cbor
Smithy-Protocol: rpc-v2-cbor

¥vgroupSharingPreferencedOPENx%costCategoryGroupSharingPreferenceArnx)__CostCategoryGroupSharingPreferenceArn__dnameh__Name__kclientTokeno__ClientToken__dtags¡dkey0i__Value__