POST /service/AWSBCMPricingCalculator/operation/ListBillEstimateInputUsageModifications

Accept: application/cbor
Content-Type: application/cbor
Smithy-Protocol: rpc-v2-cbor

¤jmaxResultsnbillEstimateIdr__BillEstimateId__gfilters‚£dnamepUSAGE_ACCOUNT_IDfvalues‚j__Member__j__Member__kmatchOptionfEQUALS£dnamepUSAGE_ACCOUNT_IDfvalues‚j__Member__j__Member__kmatchOptionfEQUALSinextTokenm__NextToken__