POST /service/AWSBCMPricingCalculator/operation/UpdatePreferences

Accept: application/cbor
Content-Type: application/cbor
Smithy-Protocol: rpc-v2-cbor

£x#managementAccountRateTypeSelections‚pBEFORE_DISCOUNTSpBEFORE_DISCOUNTSxmemberAccountRateTypeSelections‚pBEFORE_DISCOUNTSpBEFORE_DISCOUNTSx#standaloneAccountRateTypeSelections‚pBEFORE_DISCOUNTSpBEFORE_DISCOUNTS