POST /service/AWSBillingAndCostManagementRecommendedActions/operation/ListRecommendedActions

Accept: application/cbor
Content-Type: application/cbor
Smithy-Protocol: rpc-v2-cbor

£inextTokenm__NextToken__ffilter¡gactions‚£ckeygFEATUREkmatchOptionfEQUALSfvalues‚j__Member__j__Member__£ckeygFEATUREkmatchOptionfEQUALSfvalues‚j__Member__j__Member__jmaxResults